// Jest Snapshot v1, https://goo.gl/fbAQLP

exports[`Badge function Returns the correct badge 1`] = `
<span
  className="chakra-badge css-ifsvay"
>
  Concluded
</span>
`;
